Archive member included to satisfy reference by file (symbol)

C:/Program Files/SEGGER/SEGGER Embedded Studio for ARM 4.52c/lib/libm_v7em_fpv4_sp_d16_hard_t_le_eabi.a(libm_asm.o)
                              Output/LCD Debug/Obj/main.o (__aeabi_dmul)
C:/Program Files/SEGGER/SEGGER Embedded Studio for ARM 4.52c/lib/libm_v7em_fpv4_sp_d16_hard_t_le_eabi.a(libm2.o)
                              Output/LCD Debug/Obj/main.o (pow)
C:/Program Files/SEGGER/SEGGER Embedded Studio for ARM 4.52c/lib/libc_v7em_fpv4_sp_d16_hard_t_le_eabi.a(libc2.o)
                              C:/Program Files/SEGGER/SEGGER Embedded Studio for ARM 4.52c/lib/libm_v7em_fpv4_sp_d16_hard_t_le_eabi.a(libm2.o) (__aeabi_errno_addr)
C:/Program Files/SEGGER/SEGGER Embedded Studio for ARM 4.52c/lib/libc_v7em_fpv4_sp_d16_hard_t_le_eabi.a(libc2_asm.o)
                              Output/LCD Debug/Obj/SEGGER_RTT.o (memcpy)
C:/Program Files/SEGGER/SEGGER Embedded Studio for ARM 4.52c/lib/libc_v7em_fpv4_sp_d16_hard_t_le_eabi.a(libc.o)
                              C:/Program Files/SEGGER/SEGGER Embedded Studio for ARM 4.52c/lib/libc_v7em_fpv4_sp_d16_hard_t_le_eabi.a(libc2.o) (__heap_lock)
C:/Program Files/SEGGER/SEGGER Embedded Studio for ARM 4.52c/lib/libc_v7em_fpv4_sp_d16_hard_t_le_eabi.a(libc_asm.o)
                              C:/Program Files/SEGGER/SEGGER Embedded Studio for ARM 4.52c/lib/libc_v7em_fpv4_sp_d16_hard_t_le_eabi.a(libc2.o) (__aeabi_uldivmod)
C:/Program Files/SEGGER/SEGGER Embedded Studio for ARM 4.52c/lib/libdebugio_v7em_fpv4_sp_d16_hard_t_le_eabi.a(libdebugio.o)
                              Output/LCD Debug/Obj/thumb_crt0.o (debug_fopen)
C:/Program Files/SEGGER/SEGGER Embedded Studio for ARM 4.52c/lib/libdebugio_mempoll_v7em_fpv4_sp_d16_hard_t_le_eabi.a(mempoll_debug_operations.o)
                              C:/Program Files/SEGGER/SEGGER Embedded Studio for ARM 4.52c/lib/libdebugio_v7em_fpv4_sp_d16_hard_t_le_eabi.a(libdebugio.o) (__do_debug_operation)
C:/Program Files/SEGGER/SEGGER Embedded Studio for ARM 4.52c/lib/libdebugio_mempoll_v7em_fpv4_sp_d16_hard_t_le_eabi.a(do_nv_debug_operation.o)
                              C:/Program Files/SEGGER/SEGGER Embedded Studio for ARM 4.52c/lib/libdebugio_v7em_fpv4_sp_d16_hard_t_le_eabi.a(libdebugio.o) (__do_nvdebug_operation)

Discarded input sections

 .group         0x0000000000000000        0xc Output/LCD Debug/Obj/system_nrf52.o
 .group         0x0000000000000000        0xc Output/LCD Debug/Obj/system_nrf52.o
 .group         0x0000000000000000        0xc Output/LCD Debug/Obj/system_nrf52.o
 .group         0x0000000000000000        0xc Output/LCD Debug/Obj/system_nrf52.o
 .group         0x0000000000000000        0xc Output/LCD Debug/Obj/system_nrf52.o
 .group         0x0000000000000000        0xc Output/LCD Debug/Obj/system_nrf52.o
 .group         0x0000000000000000        0xc Output/LCD Debug/Obj/system_nrf52.o
 .group         0x0000000000000000        0xc Output/LCD Debug/Obj/system_nrf52.o
 .group         0x0000000000000000        0xc Output/LCD Debug/Obj/system_nrf52.o
 .group         0x0000000000000000        0xc Output/LCD Debug/Obj/system_nrf52.o
 .group         0x0000000000000000        0xc Output/LCD Debug/Obj/system_nrf52.o
 .group         0x0000000000000000        0xc Output/LCD Debug/Obj/system_nrf52.o
 .group         0x0000000000000000        0xc Output/LCD Debug/Obj/system_nrf52.o
 .group         0x0000000000000000        0xc Output/LCD Debug/Obj/system_nrf52.o
 .group         0x0000000000000000        0xc Output/LCD Debug/Obj/system_nrf52.o
 .text          0x0000000000000000        0x0 Output/LCD Debug/Obj/system_nrf52.o
 .data          0x0000000000000000        0x0 Output/LCD Debug/Obj/system_nrf52.o
 .bss           0x0000000000000000        0x0 Output/LCD Debug/Obj/system_nrf52.o
 .init          0x0000000000000000        0x0 Output/LCD Debug/Obj/system_nrf52.o
 .init.errata_1
                0x0000000000000000       0x60 Output/LCD Debug/Obj/system_nrf52.o
 .init.errata_2
                0x0000000000000000       0x60 Output/LCD Debug/Obj/system_nrf52.o
 .init.errata_3
                0x0000000000000000       0x60 Output/LCD Debug/Obj/system_nrf52.o
 .init.errata_4
                0x0000000000000000       0x60 Output/LCD Debug/Obj/system_nrf52.o
 .init.errata_7
                0x0000000000000000       0x60 Output/LCD Debug/Obj/system_nrf52.o
 .init.errata_8
                0x0000000000000000       0x60 Output/LCD Debug/Obj/system_nrf52.o
 .init.errata_9
                0x0000000000000000       0x60 Output/LCD Debug/Obj/system_nrf52.o
 .init.errata_10
                0x0000000000000000       0x60 Output/LCD Debug/Obj/system_nrf52.o
 .init.errata_11
                0x0000000000000000       0x60 Output/LCD Debug/Obj/system_nrf52.o
 .init.errata_15
                0x0000000000000000       0x80 Output/LCD Debug/Obj/system_nrf52.o
 .init.errata_17
[...]
Memory Configuration

Name             Origin             Length             Attributes
UNPLACED_SECTIONS 0x0000000100000000 0x0000000000000000 xw
CODE_RAM         0x0000000000800000 0x0000000000010000 xw
RAM              0x0000000020000000 0x0000000000010000 xw
FLASH            0x0000000000000000 0x0000000000080000 xr
*default*        0x0000000000000000 0xffffffffffffffff

Linker script and memory map

                0x0000000000003fcc                __vfprintf = __vfprintf_int
                0x0000000000000000                __vfscanf = __vfscanf_int
                0x0000000000800000                __CODE_RAM_segment_start__ = 0x800000
                0x0000000000810000                __CODE_RAM_segment_end__ = 0x810000
                0x0000000000010000                __CODE_RAM_segment_size__ = 0x10000
                0x0000000020000000                __RAM_segment_start__ = 0x20000000
                0x0000000020010000                __RAM_segment_end__ = 0x20010000
                0x0000000000010000                __RAM_segment_size__ = 0x10000
                0x0000000000000000                __FLASH_segment_start__ = 0x0
                0x0000000000080000                __FLASH_segment_end__ = 0x80000
                0x0000000000080000                __FLASH_segment_size__ = 0x80000
                0x0000000000000400                __HEAPSIZE__ = 0x400
                0x0000000000000000                __STACKSIZE_PROCESS__ = 0x0
                0x0000000000000400                __STACKSIZE__ = 0x400
                0x0000000020000000                __vectors_ram_load_start__ = ALIGN (__RAM_segment_start__, 0x100)

.vectors_ram    0x0000000020000000        0x0
                0x0000000020000000                __vectors_ram_start__ = .
 *(.vectors_ram .vectors_ram.*)
                0x0000000020000000                __vectors_ram_end__ = (__vectors_ram_start__ + SIZEOF (.vectors_ram))
                0x0000000000000000                __vectors_ram_size__ = SIZEOF (.vectors_ram)
                0x0000000020000000                __vectors_ram_load_end__ = __vectors_ram_end__
                0x0000000000000001                . = ASSERT (((__vectors_ram_start__ == __vectors_ram_end__) || ((__vectors_ram_end__ - __RAM_segment_start__) <= __RAM_segment_size__)), error: .vectors_ram is too large to fit in RAM memory segment)
                0x0000000000000000                __vectors_load_start__ = ALIGN (__FLASH_segment_start__, 0x100)

.vectors        0x0000000000000000      0x200
                0x0000000000000000                __vectors_start__ = .
 *(.vectors .vectors.*)
 .vectors       0x0000000000000000      0x200 Output/LCD Debug/Obj/ses_startup_nrf52.o
                0x0000000000000000                _vectors
                0x0000000000000200                __vectors_end__ = (__vectors_start__ + SIZEOF (.vectors))
                0x0000000000000200                __vectors_size__ = SIZEOF (.vectors)
                0x0000000000000200                __vectors_load_end__ = __vectors_end__
                0x0000000000000001                . = ASSERT (((__vectors_start__ == __vectors_end__) || ((__vectors_end__ - __FLASH_segment_start__) <= __FLASH_segment_size__)), error: .vectors is too large to fit in FLASH memory segment)
                0x0000000000000200                __init_load_start__ = ALIGN (__vectors_end__, 0x4)

.init           0x0000000000000200      0x900
                0x0000000000000200                __init_start__ = .
 *(.init .init.*)
 .init.errata_12
                0x0000000000000200       0x80 Output/LCD Debug/Obj/system_nrf52.o
 .init.errata_16
                0x0000000000000280       0x60 Output/LCD Debug/Obj/system_nrf52.o
 .init.errata_31
                0x00000000000002e0       0x80 Output/LCD Debug/Obj/system_nrf52.o
 .init.errata_32
                0x0000000000000360       0x60 Output/LCD Debug/Obj/system_nrf52.o
 .init.errata_36
                0x00000000000003c0       0x80 Output/LCD Debug/Obj/system_nrf52.o
 .init.errata_37
                0x0000000000000440       0x60 Output/LCD Debug/Obj/system_nrf52.o
 .init.errata_57
                0x00000000000004a0       0x60 Output/LCD Debug/Obj/system_nrf52.o
 .init.errata_66
                0x0000000000000500       0x80 Output/LCD Debug/Obj/system_nrf52.o
 .init.errata_108
                0x0000000000000580       0x80 Output/LCD Debug/Obj/system_nrf52.o
 .init.errata_136
                0x0000000000000600       0x80 Output/LCD Debug/Obj/system_nrf52.o
 .init.errata_182
                0x0000000000000680       0x58 Output/LCD Debug/Obj/system_nrf52.o
 .init.SystemCoreClockUpdate
                0x00000000000006d8       0x14 Output/LCD Debug/Obj/system_nrf52.o
                0x00000000000006d8                SystemCoreClockUpdate
 .init.SystemInit
                0x00000000000006ec      0x264 Output/LCD Debug/Obj/system_nrf52.o
                0x00000000000006ec                SystemInit
 .init          0x0000000000000950      0x154 Output/LCD Debug/Obj/thumb_crt0.o
                0x0000000000000950                _start
                0x0000000000000a00                exit
 .init          0x0000000000000aa4       0x44 Output/LCD Debug/Obj/ses_startup_nrf_common.o
                0x0000000000000aa4                Reset_Handler
                0x0000000000000aa8                afterInitialize
 .init          0x0000000000000ae8       0x18 Output/LCD Debug/Obj/ses_startup_nrf52.o
                0x0000000000000ae8                NMI_Handler
                0x0000000000000aea                HardFault_Handler
                0x0000000000000aec                MemoryManagement_Handler
                0x0000000000000aee                BusFault_Handler
                0x0000000000000af0                UsageFault_Handler
                0x0000000000000af2                SVC_Handler
                0x0000000000000af4                DebugMon_Handler
                0x0000000000000af6                PendSV_Handler
                0x0000000000000af8                SysTick_Handler
                0x0000000000000afa                PWM1_IRQHandler
                0x0000000000000afa                SWI2_EGU2_IRQHandler
                0x0000000000000afa                POWER_CLOCK_IRQHandler
                0x0000000000000afa                GPIOTE_IRQHandler
                0x0000000000000afa                PDM_IRQHandler
                0x0000000000000afa                TEMP_IRQHandler
                0x0000000000000afa                QDEC_IRQHandler
                0x0000000000000afa                SWI0_EGU0_IRQHandler
                0x0000000000000afa                SPIM0_SPIS0_TWIM0_TWIS0_SPI0_TWI0_IRQHandler
                0x0000000000000afa                RADIO_IRQHandler
                0x0000000000000afa                UARTE0_UART0_IRQHandler
                0x0000000000000afa                I2S_IRQHandler
                0x0000000000000afa                SWI4_EGU4_IRQHandler
                0x0000000000000afa                TIMER0_IRQHandler
                0x0000000000000afa                Dummy_Handler
                0x0000000000000afa                TIMER1_IRQHandler
                0x0000000000000afa                PWM2_IRQHandler
                0x0000000000000afa                ECB_IRQHandler
                0x0000000000000afa                SPIM1_SPIS1_TWIM1_TWIS1_SPI1_TWI1_IRQHandler
                0x0000000000000afa                SAADC_IRQHandler
                0x0000000000000afa                CCM_AAR_IRQHandler
                0x0000000000000afa                WDT_IRQHandler
                0x0000000000000afa                FPU_IRQHandler
                0x0000000000000afa                SWI5_EGU5_IRQHandler
                0x0000000000000afa                RNG_IRQHandler
                0x0000000000000afa                RTC2_IRQHandler
                0x0000000000000afa                PWM0_IRQHandler
                0x0000000000000afa                SWI3_EGU3_IRQHandler
                0x0000000000000afa                RTC1_IRQHandler
                0x0000000000000afa                SWI1_EGU1_IRQHandler
                0x0000000000000afa                SPIM2_SPIS2_SPI2_IRQHandler
                0x0000000000000afa                NFCT_IRQHandler
                0x0000000000000afa                TIMER2_IRQHandler
                0x0000000000000afa                MWU_IRQHandler
                0x0000000000000afa                COMP_LPCOMP_IRQHandler
                0x0000000000000afc                nRFInitialize
                0x0000000000000b00                __init_end__ = (__init_start__ + SIZEOF (.init))
                0x0000000000000900                __init_size__ = SIZEOF (.init)
                0x0000000000000b00                __init_load_end__ = __init_end__
                0x0000000000000001                . = ASSERT (((__init_start__ == __init_end__) || ((__init_end__ - __FLASH_segment_start__) <= __FLASH_segment_size__)), error: .init is too large to fit in FLASH memory segment)
                0x0000000000000b00                __init_rodata_load_start__ = ALIGN (__init_end__, 0x4)

.init_rodata    0x0000000000000b00        0x0
                0x0000000000000b00                __init_rodata_start__ = .
 *(.init_rodata .init_rodata.*)
                0x0000000000000b00                __init_rodata_end__ = (__init_rodata_start__ + SIZEOF (.init_rodata))
                0x0000000000000000                __init_rodata_size__ = SIZEOF (.init_rodata)
                0x0000000000000b00                __init_rodata_load_end__ = __init_rodata_end__
                0x0000000000000001                . = ASSERT (((__init_rodata_start__ == __init_rodata_end__) || ((__init_rodata_end__ - __FLASH_segment_start__) <= __FLASH_segment_size__)), error: .init_rodata is too large to fit in FLASH memory segment)
                0x0000000000000b00                __text_load_start__ = ALIGN (__init_rodata_end__, 0x4)

.text           0x0000000000000b00     0x3ae4
                0x0000000000000b00                __text_start__ = .
 *(.text .text.* .glue_7t .glue_7 .gnu.linkonce.t.* .gcc_except_table .ARM.extab* .gnu.linkonce.armextab.*)
 .glue_7        0x0000000000000b00        0x0 linker stubs
 .glue_7t       0x0000000000000b00        0x0 linker stubs
 .text.__NVIC_EnableIRQ
                0x0000000000000b00       0x34 Output/LCD Debug/Obj/main.o
 .text.cssp_gpio_config
                0x0000000000000b34       0x64 Output/LCD Debug/Obj/main.o
 .text.cssp_gpio_read
                0x0000000000000b98       0x26 Output/LCD Debug/Obj/main.o
 .text.cssp_gpio_outset
                0x0000000000000bbe       0x20 Output/LCD Debug/Obj/main.o
 .text.cssp_gpio_outclr
                0x0000000000000bde       0x20 Output/LCD Debug/Obj/main.o
 .text.cssp_gpio_invert
                0x0000000000000bfe       0x3c Output/LCD Debug/Obj/main.o
 *fill*         0x0000000000000c3a        0x2 
 .text.RTC0_IRQHandler
                0x0000000000000c3c       0x4c Output/LCD Debug/Obj/main.o
                0x0000000000000c3c                RTC0_IRQHandler
 .text.TIMER3_IRQHandler
                0x0000000000000c88       0x24 Output/LCD Debug/Obj/main.o
                0x0000000000000c88                TIMER3_IRQHandler
 .text.TIMER4_IRQHandler
                0x0000000000000cac       0x28 Output/LCD Debug/Obj/main.o
                0x0000000000000cac                TIMER4_IRQHandler
 .text.expanderWrite
                0x0000000000000cd4       0x30 Output/LCD Debug/Obj/main.o
                0x0000000000000cd4                expanderWrite
 .text.write4bits
                0x0000000000000d04       0x26 Output/LCD Debug/Obj/main.o
                0x0000000000000d04                write4bits
 .text.send     0x0000000000000d2a       0x54 Output/LCD Debug/Obj/main.o
                0x0000000000000d2a                send
 .text.pulseEnable
                0x0000000000000d7e       0x3e Output/LCD Debug/Obj/main.o
                0x0000000000000d7e                pulseEnable
 .text.command  0x0000000000000dbc       0x1e Output/LCD Debug/Obj/main.o
                0x0000000000000dbc                command
 .text.write    0x0000000000000dda       0x1e Output/LCD Debug/Obj/main.o
                0x0000000000000dda                write
 .text.lcd_begin
                0x0000000000000df8       0x9c Output/LCD Debug/Obj/main.o
                0x0000000000000df8                lcd_begin
 .text.cssp_lcd_print
                0x0000000000000e94       0x38 Output/LCD Debug/Obj/main.o
                0x0000000000000e94                cssp_lcd_print
 .text.cssp_lcd_clear
                0x0000000000000ecc       0x30 Output/LCD Debug/Obj/main.o
                0x0000000000000ecc                cssp_lcd_clear
 *fill*         0x0000000000000efc        0x4 
 .text.cssp_delay_us
                0x0000000000000f00       0xbc Output/LCD Debug/Obj/main.o
                0x0000000000000f00                cssp_delay_us
 .text.cssp_twi_suspend
                0x0000000000000fbc       0x1c Output/LCD Debug/Obj/main.o
                0x0000000000000fbc                cssp_twi_suspend
 .text.clock_findDow
                0x0000000000000fd8       0x78 Output/LCD Debug/Obj/main.o
                0x0000000000000fd8                clock_findDow
 .text.clock_addSec
                0x0000000000001050      0x1dc Output/LCD Debug/Obj/main.o
                0x0000000000001050                clock_addSec
 .text.clock_addStopwatch
                0x000000000000122c       0x7c Output/LCD Debug/Obj/main.o
                0x000000000000122c                clock_addStopwatch
 .text.clock_checkAlarm
                0x00000000000012a8       0x64 Output/LCD Debug/Obj/main.o
                0x00000000000012a8                clock_checkAlarm
 .text.clock_isYoon
                0x000000000000130c       0x9c Output/LCD Debug/Obj/main.o
                0x000000000000130c                clock_isYoon
 .text.clock_buttonMenu
                0x00000000000013a8       0x92 Output/LCD Debug/Obj/main.o
                0x00000000000013a8                clock_buttonMenu
 *fill*         0x000000000000143a        0x2 
 .text.clock_main
                0x000000000000143c       0xc4 Output/LCD Debug/Obj/main.o
                0x000000000000143c                clock_main
 .text.clock_timeSetting_print
                0x0000000000001500      0x484 Output/LCD Debug/Obj/main.o
                0x0000000000001500                clock_timeSetting_print
 .text.clock_timeSetting_decrese
                0x0000000000001984      0x288 Output/LCD Debug/Obj/main.o
                0x0000000000001984                clock_timeSetting_decrese
 .text.clock_timeSetting_increse
                0x0000000000001c0c      0x230 Output/LCD Debug/Obj/main.o
                0x0000000000001c0c                clock_timeSetting_increse
 .text.clock_timeSetting_nextItem
                0x0000000000001e3c       0x24 Output/LCD Debug/Obj/main.o
                0x0000000000001e3c                clock_timeSetting_nextItem
 .text.clock_timeSetting_do
                0x0000000000001e60      0x4a8 Output/LCD Debug/Obj/main.o
                0x0000000000001e60                clock_timeSetting_do
 .text.clock_stopWatch_print
                0x0000000000002308       0x80 Output/LCD Debug/Obj/main.o
                0x0000000000002308                clock_stopWatch_print
 .text.clock_stopWatch_startnStop
                0x0000000000002388       0xc8 Output/LCD Debug/Obj/main.o
                0x0000000000002388                clock_stopWatch_startnStop
 .text.clock_stopWatch_do
                0x0000000000002450       0x9c Output/LCD Debug/Obj/main.o
                0x0000000000002450                clock_stopWatch_do
 .text.clock_alarmSetting_print
                0x00000000000024ec      0x1a0 Output/LCD Debug/Obj/main.o
                0x00000000000024ec                clock_alarmSetting_print
 .text.clock_alarmSetting_increse
                0x000000000000268c       0xc4 Output/LCD Debug/Obj/main.o
                0x000000000000268c                clock_alarmSetting_increse
 .text.clock_alarmSetting_decrese
                0x0000000000002750       0xc4 Output/LCD Debug/Obj/main.o
                0x0000000000002750                clock_alarmSetting_decrese
 .text.clock_alarmSetting_nextItem
                0x0000000000002814       0x24 Output/LCD Debug/Obj/main.o
                0x0000000000002814                clock_alarmSetting_nextItem
 .text.clock_alarmSetting_do
                0x0000000000002838      0x4c8 Output/LCD Debug/Obj/main.o
                0x0000000000002838                clock_alarmSetting_do
 .text.main     0x0000000000002d00      0x42c Output/LCD Debug/Obj/main.o
                0x0000000000002d00                main
 .text.__aeabi_read_tp
                0x000000000000312c        0x8 Output/LCD Debug/Obj/thumb_crt0.o
                0x000000000000312c                __aeabi_read_tp
 .text.__aeabi_dadd
                0x0000000000003134      0x244 C:/Program Files/SEGGER/SEGGER Embedded Studio for ARM 4.52c/lib/libm_v7em_fpv4_sp_d16_hard_t_le_eabi.a(libm_asm.o)
                0x0000000000003134                __aeabi_dadd
 .text.__aeabi_dsub
                0x0000000000003378        0x8 C:/Program Files/SEGGER/SEGGER Embedded Studio for ARM 4.52c/lib/libm_v7em_fpv4_sp_d16_hard_t_le_eabi.a(libm_asm.o)
                0x0000000000003378                __aeabi_dsub
 .text.__aeabi_dmul
                0x0000000000003380      0x138 C:/Program Files/SEGGER/SEGGER Embedded Studio for ARM 4.52c/lib/libm_v7em_fpv4_sp_d16_hard_t_le_eabi.a(libm_asm.o)
                0x0000000000003380                __aeabi_dmul
 .text.__aeabi_ddiv
                0x00000000000034b8      0x1cc C:/Program Files/SEGGER/SEGGER Embedded Studio for ARM 4.52c/lib/libm_v7em_fpv4_sp_d16_hard_t_le_eabi.a(libm_asm.o)
                0x00000000000034b8                __aeabi_ddiv
 .text.__aeabi_dcmple
                0x0000000000003684       0x3c C:/Program Files/SEGGER/SEGGER Embedded Studio for ARM 4.52c/lib/libm_v7em_fpv4_sp_d16_hard_t_le_eabi.a(libm_asm.o)
                0x0000000000003684                __aeabi_dcmple
 .text.__aeabi_dcmpeq
                0x00000000000036c0       0x34 C:/Program Files/SEGGER/SEGGER Embedded Studio for ARM 4.52c/lib/libm_v7em_fpv4_sp_d16_hard_t_le_eabi.a(libm_asm.o)
                0x00000000000036c0                __aeabi_dcmpeq
 .text.__aeabi_dcmpge
                0x00000000000036f4       0x3c C:/Program Files/SEGGER/SEGGER Embedded Studio for ARM 4.52c/lib/libm_v7em_fpv4_sp_d16_hard_t_le_eabi.a(libm_asm.o)
                0x00000000000036f4                __aeabi_dcmpge
 .text.__aeabi_dcmpgt
                0x0000000000003730       0x38 C:/Program Files/SEGGER/SEGGER Embedded Studio for ARM 4.52c/lib/libm_v7em_fpv4_sp_d16_hard_t_le_eabi.a(libm_asm.o)
                0x0000000000003730                __aeabi_dcmpgt
 .text.__aeabi_dcmplt
                0x0000000000003768       0x38 C:/Program Files/SEGGER/SEGGER Embedded Studio for ARM 4.52c/lib/libm_v7em_fpv4_sp_d16_hard_t_le_eabi.a(libm_asm.o)
                0x0000000000003768                __aeabi_dcmplt
 .text.__aeabi_d2iz
                0x00000000000037a0       0x4c C:/Program Files/SEGGER/SEGGER Embedded Studio for ARM 4.52c/lib/libm_v7em_fpv4_sp_d16_hard_t_le_eabi.a(libm_asm.o)
                0x00000000000037a0                __aeabi_d2iz
 .text.__aeabi_d2uiz
                0x00000000000037ec       0x28 C:/Program Files/SEGGER/SEGGER Embedded Studio for ARM 4.52c/lib/libm_v7em_fpv4_sp_d16_hard_t_le_eabi.a(libm_asm.o)
                0x00000000000037ec                __aeabi_d2uiz
 .text.__aeabi_i2d
                0x0000000000003814       0x28 C:/Program Files/SEGGER/SEGGER Embedded Studio for ARM 4.52c/lib/libm_v7em_fpv4_sp_d16_hard_t_le_eabi.a(libm_asm.o)
                0x0000000000003814                __aeabi_i2d
 .text.__aeabi_ui2d
                0x000000000000383c       0x1c C:/Program Files/SEGGER/SEGGER Embedded Studio for ARM 4.52c/lib/libm_v7em_fpv4_sp_d16_hard_t_le_eabi.a(libm_asm.o)
                0x000000000000383c                __aeabi_ui2d
 .text.__float64_isnan
                0x0000000000003858       0x14 C:/Program Files/SEGGER/SEGGER Embedded Studio for ARM 4.52c/lib/libm_v7em_fpv4_sp_d16_hard_t_le_eabi.a(libm_asm.o)
                0x0000000000003858                __float64_isnan
 .text.fabs     0x000000000000386c       0x10 C:/Program Files/SEGGER/SEGGER Embedded Studio for ARM 4.52c/lib/libm_v7em_fpv4_sp_d16_hard_t_le_eabi.a(libm_asm.o)
                0x000000000000386c                fabs(double)
                0x000000000000386c                fabs
 .text.libc.frexp
                0x000000000000387c       0x44 C:/Program Files/SEGGER/SEGGER Embedded Studio for ARM 4.52c/lib/libm_v7em_fpv4_sp_d16_hard_t_le_eabi.a(libm2.o)
                0x000000000000387c                frexp
                0x000000000000387c                frexp(double, int*)
 .text.libc.ldexp
                0x00000000000038c0       0x7c C:/Program Files/SEGGER/SEGGER Embedded Studio for ARM 4.52c/lib/libm_v7em_fpv4_sp_d16_hard_t_le_eabi.a(libm2.o)
                0x00000000000038c0                ldexp
                0x00000000000038c0                ldexp(double, int)
 *fill*         0x000000000000393c        0x4 
 .text.libc.exp
                0x0000000000003940      0x1f8 C:/Program Files/SEGGER/SEGGER Embedded Studio for ARM 4.52c/lib/libm_v7em_fpv4_sp_d16_hard_t_le_eabi.a(libm2.o)
                0x0000000000003940                exp
                0x0000000000003940                exp(double)
 .text.libc.log
                0x0000000000003b38      0x228 C:/Program Files/SEGGER/SEGGER Embedded Studio for ARM 4.52c/lib/libm_v7em_fpv4_sp_d16_hard_t_le_eabi.a(libm2.o)
                0x0000000000003b38                log(double)
                0x0000000000003b38                log
 .text.libc.pow
                0x0000000000003d60      0x140 C:/Program Files/SEGGER/SEGGER Embedded Studio for ARM 4.52c/lib/libm_v7em_fpv4_sp_d16_hard_t_le_eabi.a(libm2.o)
                0x0000000000003d60                pow
                0x0000000000003d60                pow(double, double)
 .text.libc.__putc
                0x0000000000003ea0       0x34 C:/Program Files/SEGGER/SEGGER Embedded Studio for ARM 4.52c/lib/libc_v7em_fpv4_sp_d16_hard_t_le_eabi.a(libc2.o)
                0x0000000000003ea0                __putc
 .text.libc.__RAL_print_padding
                0x0000000000003ed4       0x1c C:/Program Files/SEGGER/SEGGER Embedded Studio for ARM 4.52c/lib/libc_v7em_fpv4_sp_d16_hard_t_le_eabi.a(libc2.o)
                0x0000000000003ed4                __RAL_print_padding
 .text.libc.__RAL_pre_padding
                0x0000000000003ef0       0x1a C:/Program Files/SEGGER/SEGGER Embedded Studio for ARM 4.52c/lib/libc_v7em_fpv4_sp_d16_hard_t_le_eabi.a(libc2.o)
                0x0000000000003ef0                __RAL_pre_padding
 *fill*         0x0000000000003f0a        0x2 
 .text.libc.__aeabi_errno_addr
                0x0000000000003f0c       0x14 C:/Program Files/SEGGER/SEGGER Embedded Studio for ARM 4.52c/lib/libc_v7em_fpv4_sp_d16_hard_t_le_eabi.a(libc2.o)
                0x0000000000003f0c                __aeabi_errno_addr
 .text.libc.sprintf
                0x0000000000003f20       0x2a C:/Program Files/SEGGER/SEGGER Embedded Studio for ARM 4.52c/lib/libc_v7em_fpv4_sp_d16_hard_t_le_eabi.a(libc2.o)
                0x0000000000003f20                sprintf
 .text.libc.strnlen
                0x0000000000003f4a       0x22 C:/Program Files/SEGGER/SEGGER Embedded Studio for ARM 4.52c/lib/libc_v7em_fpv4_sp_d16_hard_t_le_eabi.a(libc2.o)
                0x0000000000003f4a                strnlen
 .text.libc.strlen
                0x0000000000003f6c       0x60 C:/Program Files/SEGGER/SEGGER Embedded Studio for ARM 4.52c/lib/libc_v7em_fpv4_sp_d16_hard_t_le_eabi.a(libc2_asm.o)
                0x0000000000003f6c                strlen
 .text.libc.__vfprintf_int
                0x0000000000003fcc      0x618 C:/Program Files/SEGGER/SEGGER Embedded Studio for ARM 4.52c/lib/libvfprintf_v7em_fpv4_sp_d16_hard_t_le_eabi.o
                0x0000000000003fcc                __vfprintf_int
                0x00000000000045e4                __text_end__ = (__text_start__ + SIZEOF (.text))
                0x0000000000003ae4                __text_size__ = SIZEOF (.text)
                0x00000000000045e4                __text_load_end__ = __text_end__

.vfp11_veneer   0x0000000100000000        0x0
 .vfp11_veneer  0x0000000100000000        0x0 linker stubs

.v4_bx          0x0000000100000000        0x0
 .v4_bx         0x0000000100000000        0x0 linker stubs

.iplt           0x0000000100000000        0x0
 .iplt          0x0000000100000000        0x0 Output/LCD Debug/Obj/system_nrf52.o
                0x0000000000000001                . = ASSERT (((__text_start__ == __text_end__) || ((__text_end__ - __FLASH_segment_start__) <= __FLASH_segment_size__)), error: .text is too large to fit in FLASH memory segment)
                0x00000000000045e4                __dtors_load_start__ = ALIGN (__text_end__, 0x4)

.dtors          0x00000000000045e4        0x0
                0x00000000000045e4                __dtors_start__ = .
 *(SORT_BY_NAME(.dtors.*))
 *(.dtors)
 *(.fini_array)
 *(SORT_BY_NAME(.fini_array.*))
                0x00000000000045e4                __dtors_end__ = (__dtors_start__ + SIZEOF (.dtors))
                0x0000000000000000                __dtors_size__ = SIZEOF (.dtors)
                0x00000000000045e4                __dtors_load_end__ = __dtors_end__
                0x0000000000000001                . = ASSERT (((__dtors_start__ == __dtors_end__) || ((__dtors_end__ - __FLASH_segment_start__) <= __FLASH_segment_size__)), error: .dtors is too large to fit in FLASH memory segment)
                0x00000000000045e4                __ctors_load_start__ = ALIGN (__dtors_end__, 0x4)

.ctors          0x00000000000045e4        0x0
                0x00000000000045e4                __ctors_start__ = .
 *(SORT_BY_NAME(.ctors.*))
 *(.ctors)
 *(.init_array)
 *(SORT_BY_NAME(.init_array.*))
                0x00000000000045e4                __ctors_end__ = (__ctors_start__ + SIZEOF (.ctors))
                0x0000000000000000                __ctors_size__ = SIZEOF (.ctors)
                0x00000000000045e4                __ctors_load_end__ = __ctors_end__
                0x0000000000000001                . = ASSERT (((__ctors_start__ == __ctors_end__) || ((__ctors_end__ - __FLASH_segment_start__) <= __FLASH_segment_size__)), error: .ctors is too large to fit in FLASH memory segment)
                0x00000000000045e4                __rodata_load_start__ = ALIGN (__ctors_end__, 0x4)

.rodata         0x00000000000045e4      0x23f
                0x00000000000045e4                __rodata_start__ = .
 *(.rodata .rodata.* .gnu.linkonce.r.*)
 .rodata        0x00000000000045e4      0x20d Output/LCD Debug/Obj/main.o
 *fill*         0x00000000000047f1        0x3 
 .rodata.libc.__RAL_hex_lc
                0x00000000000047f4       0x10 C:/Program Files/SEGGER/SEGGER Embedded Studio for ARM 4.52c/lib/libc_v7em_fpv4_sp_d16_hard_t_le_eabi.a(libc2.o)
                0x00000000000047f4                __RAL_hex_lc
 .rodata.libc.__RAL_hex_uc
                0x0000000000004804       0x10 C:/Program Files/SEGGER/SEGGER Embedded Studio for ARM 4.52c/lib/libc_v7em_fpv4_sp_d16_hard_t_le_eabi.a(libc2.o)
                0x0000000000004804                __RAL_hex_uc
 .rodata.libc.__aeabi_EDOM
                0x0000000000004814        0x4 C:/Program Files/SEGGER/SEGGER Embedded Studio for ARM 4.52c/lib/libc_v7em_fpv4_sp_d16_hard_t_le_eabi.a(libc2.o)
                0x0000000000004814                __aeabi_EDOM
 .rodata.libc.__aeabi_ERANGE
                0x0000000000004818        0x4 C:/Program Files/SEGGER/SEGGER Embedded Studio for ARM 4.52c/lib/libc_v7em_fpv4_sp_d16_hard_t_le_eabi.a(libc2.o)
                0x0000000000004818                __aeabi_ERANGE
 .rodata.libc.__vfprintf_int.str1.4
                0x000000000000481c        0x7 C:/Program Files/SEGGER/SEGGER Embedded Studio for ARM 4.52c/lib/libvfprintf_v7em_fpv4_sp_d16_hard_t_le_eabi.o
                0x0000000000004823                __rodata_end__ = (__rodata_start__ + SIZEOF (.rodata))
                0x000000000000023f                __rodata_size__ = SIZEOF (.rodata)
                0x0000000000004823                __rodata_load_end__ = __rodata_end__

.rel.dyn        0x0000000000000000        0x0
 .rel.iplt      0x0000000000000000        0x0 Output/LCD Debug/Obj/system_nrf52.o
                0x0000000000000001                . = ASSERT (((__rodata_start__ == __rodata_end__) || ((__rodata_end__ - __FLASH_segment_start__) <= __FLASH_segment_size__)), error: .rodata is too large to fit in FLASH memory segment)
                0x0000000000004824                __ARM.exidx_load_start__ = ALIGN (__rodata_end__, 0x4)

.ARM.exidx      0x0000000000004824        0x0
                0x0000000000004824                __ARM.exidx_start__ = .
                0x0000000000004824                __exidx_start = __ARM.exidx_start__
 *(.ARM.exidx .ARM.exidx.*)
                0x0000000000004824                __ARM.exidx_end__ = (__ARM.exidx_start__ + SIZEOF (.ARM.exidx))
                0x0000000000000000                __ARM.exidx_size__ = SIZEOF (.ARM.exidx)
                0x0000000000004824                __exidx_end = __ARM.exidx_end__
                0x0000000000004824                __ARM.exidx_load_end__ = __ARM.exidx_end__
                0x0000000000000001                . = ASSERT (((__ARM.exidx_start__ == __ARM.exidx_end__) || ((__ARM.exidx_end__ - __FLASH_segment_start__) <= __FLASH_segment_size__)), error: .ARM.exidx is too large to fit in FLASH memory segment)
                0x0000000000004824                __fast_load_start__ = ALIGN (__ARM.exidx_end__, 0x4)

.fast           0x0000000020000000        0x0 load address 0x0000000000004824
                0x0000000020000000                __fast_start__ = .
 *(.fast .fast.*)
                0x0000000020000000                __fast_end__ = (__fast_start__ + SIZEOF (.fast))
                0x0000000000000000                __fast_size__ = SIZEOF (.fast)
                0x0000000000004824                __fast_load_end__ = (__fast_load_start__ + SIZEOF (.fast))
                0x0000000000000001                . = ASSERT (((__fast_load_start__ == __fast_load_end__) || ((__fast_load_end__ - __FLASH_segment_start__) <= __FLASH_segment_size__)), error: .fast is too large to fit in FLASH memory segment)

.fast_run       0x0000000020000000        0x0
                0x0000000020000000                __fast_run_start__ = .
                0x0000000020000000                . = MAX ((__fast_run_start__ + SIZEOF (.fast)), .)
                0x0000000020000000                __fast_run_end__ = (__fast_run_start__ + SIZEOF (.fast_run))
                0x0000000000000000                __fast_run_size__ = SIZEOF (.fast_run)
                0x0000000020000000                __fast_run_load_end__ = __fast_run_end__
                0x0000000000000001                . = ASSERT (((__fast_run_start__ == __fast_run_end__) || ((__fast_run_end__ - __RAM_segment_start__) <= __RAM_segment_size__)), error: .fast_run is too large to fit in RAM memory segment)
                0x0000000000004824                __data_load_start__ = ALIGN ((__fast_load_start__ + SIZEOF (.fast)), 0x4)

.data           0x0000000020000000       0x10 load address 0x0000000000004824
                0x0000000020000000                __data_start__ = .
 *(.data .data.* .gnu.linkonce.d.*)
 .data.SystemCoreClock
                0x0000000020000000        0x4 Output/LCD Debug/Obj/system_nrf52.o
                0x0000000020000000                SystemCoreClock
 .data.year     0x0000000020000004        0x2 Output/LCD Debug/Obj/main.o
                0x0000000020000004                year
 .data.month    0x0000000020000006        0x1 Output/LCD Debug/Obj/main.o
                0x0000000020000006                month
 .data.date     0x0000000020000007        0x1 Output/LCD Debug/Obj/main.o
                0x0000000020000007                date
 .data.dow      0x0000000020000008        0x1 Output/LCD Debug/Obj/main.o
                0x0000000020000008                dow
 .data.hour     0x0000000020000009        0x1 Output/LCD Debug/Obj/main.o
                0x0000000020000009                hour
 .data.a_hour   0x000000002000000a        0x1 Output/LCD Debug/Obj/main.o
                0x000000002000000a                a_hour
 .data.item     0x000000002000000b        0x1 Output/LCD Debug/Obj/main.o
                0x000000002000000b                item
 .data.a_item   0x000000002000000c        0x1 Output/LCD Debug/Obj/main.o
                0x000000002000000c                a_item
 .data.alarm    0x000000002000000d        0x1 Output/LCD Debug/Obj/main.o
                0x000000002000000d                alarm
 .data.AM       0x000000002000000e        0x1 Output/LCD Debug/Obj/main.o
                0x000000002000000e                AM
 .data.a_AM     0x000000002000000f        0x1 Output/LCD Debug/Obj/main.o
                0x000000002000000f                a_AM
                0x0000000020000010                __data_end__ = (__data_start__ + SIZEOF (.data))
                0x0000000000000010                __data_size__ = SIZEOF (.data)
                0x0000000000004834                __data_load_end__ = (__data_load_start__ + SIZEOF (.data))

.igot.plt       0x0000000100000000        0x0
 .igot.plt      0x0000000100000000        0x0 Output/LCD Debug/Obj/system_nrf52.o
                0x0000000000000001                . = ASSERT (((__data_load_start__ == __data_load_end__) || ((__data_load_end__ - __FLASH_segment_start__) <= __FLASH_segment_size__)), error: .data is too large to fit in FLASH memory segment)

.data_run       0x0000000020000000       0x10 load address 0x0000000000004824
                0x0000000020000000                __data_run_start__ = .
                0x0000000020000010                . = MAX ((__data_run_start__ + SIZEOF (.data)), .)
 *fill*         0x0000000020000000       0x10 
                0x0000000020000010                __data_run_end__ = (__data_run_start__ + SIZEOF (.data_run))
                0x0000000000000010                __data_run_size__ = SIZEOF (.data_run)
                0x0000000020000010                __data_run_load_end__ = __data_run_end__
                0x0000000000000001                . = ASSERT (((__data_run_start__ == __data_run_end__) || ((__data_run_end__ - __RAM_segment_start__) <= __RAM_segment_size__)), error: .data_run is too large to fit in RAM memory segment)
                0x0000000020000010                __bss_load_start__ = ALIGN (__data_run_end__, 0x4)

.bss            0x0000000020000010       0x54
                0x0000000020000010                __bss_start__ = .
 *(.bss .bss.* .gnu.linkonce.b.*)
 .bss.min       0x0000000020000010        0x1 Output/LCD Debug/Obj/main.o
                0x0000000020000010                min
 .bss.sec       0x0000000020000011        0x1 Output/LCD Debug/Obj/main.o
                0x0000000020000011                sec
 .bss.a_min     0x0000000020000012        0x1 Output/LCD Debug/Obj/main.o
                0x0000000020000012                a_min
 .bss.s_hour    0x0000000020000013        0x1 Output/LCD Debug/Obj/main.o
                0x0000000020000013                s_hour
 .bss.s_min     0x0000000020000014        0x1 Output/LCD Debug/Obj/main.o
                0x0000000020000014                s_min
 .bss.s_sec     0x0000000020000015        0x1 Output/LCD Debug/Obj/main.o
                0x0000000020000015                s_sec
 .bss.s_ms      0x0000000020000016        0x1 Output/LCD Debug/Obj/main.o
                0x0000000020000016                s_ms
 .bss.timerWork
                0x0000000020000017        0x1 Output/LCD Debug/Obj/main.o
                0x0000000020000017                timerWork
 .bss.alarmCheck
                0x0000000020000018        0x1 Output/LCD Debug/Obj/main.o
                0x0000000020000018                alarmCheck
 *fill*         0x0000000020000019        0x3 
 .bss.buf       0x000000002000001c       0x40 Output/LCD Debug/Obj/main.o
                0x000000002000001c                buf
 .bss.tick      0x000000002000005c        0x1 Output/LCD Debug/Obj/main.o
                0x000000002000005c                tick
 .bss.still     0x000000002000005d        0x1 Output/LCD Debug/Obj/main.o
                0x000000002000005d                still
 .bss.isbutton  0x000000002000005e        0x1 Output/LCD Debug/Obj/main.o
                0x000000002000005e                isbutton
 .bss.stillbutton
                0x000000002000005f        0x1 Output/LCD Debug/Obj/main.o
                0x000000002000005f                stillbutton
 .bss.libc.__user_format_extender
                0x0000000020000060        0x4 C:/Program Files/SEGGER/SEGGER Embedded Studio for ARM 4.52c/lib/libc_v7em_fpv4_sp_d16_hard_t_le_eabi.a(libc2.o)
                0x0000000020000060                __user_format_extender
 *(COMMON)
                0x0000000020000064                __bss_end__ = (__bss_start__ + SIZEOF (.bss))
                0x0000000000000054                __bss_size__ = SIZEOF (.bss)
                0x0000000020000064                __bss_load_end__ = __bss_end__
                0x0000000000000001                . = ASSERT (((__bss_start__ == __bss_end__) || ((__bss_end__ - __RAM_segment_start__) <= __RAM_segment_size__)), error: .bss is too large to fit in RAM memory segment)
                0x0000000020000064                __tbss_load_start__ = ALIGN (__bss_end__, 0x4)

.tbss           0x0000000020000064        0x4
                0x0000000020000064                __tbss_start__ = .
 *(.tbss .tbss.*)
 .tbss.errno_val
                0x0000000020000064        0x4 C:/Program Files/SEGGER/SEGGER Embedded Studio for ARM 4.52c/lib/libc_v7em_fpv4_sp_d16_hard_t_le_eabi.a(libc2.o)
                0x0000000020000068                __tbss_end__ = (__tbss_start__ + SIZEOF (.tbss))
                0x0000000000000004                __tbss_size__ = SIZEOF (.tbss)
                0x0000000020000068                __tbss_load_end__ = __tbss_end__
                0x0000000000000001                . = ASSERT (((__tbss_start__ == __tbss_end__) || ((__tbss_end__ - __RAM_segment_start__) <= __RAM_segment_size__)), error: .tbss is too large to fit in RAM memory segment)
                0x0000000000004834                __tdata_load_start__ = ALIGN ((__data_load_start__ + SIZEOF (.data)), 0x4)

.tdata          0x0000000020000068        0x0 load address 0x0000000000004834
                0x0000000020000068                __tdata_start__ = .
 *(.tdata .tdata.*)
                0x0000000020000068                __tdata_end__ = (__tdata_start__ + SIZEOF (.tdata))
                0x0000000000000000                __tdata_size__ = SIZEOF (.tdata)
                0x0000000000004834                __tdata_load_end__ = (__tdata_load_start__ + SIZEOF (.tdata))
                0x0000000000004834                __FLASH_segment_used_end__ = (ALIGN ((__data_load_start__ + SIZEOF (.data)), 0x4) + SIZEOF (.tdata))
                0x0000000000004834                __FLASH_segment_used_size__ = (__FLASH_segment_used_end__ - __FLASH_segment_start__)
                0x0000000000000001                . = ASSERT (((__tdata_load_start__ == __tdata_load_end__) || ((__tdata_load_end__ - __FLASH_segment_start__) <= __FLASH_segment_size__)), error: .tdata is too large to fit in FLASH memory segment)

.tdata_run      0x0000000020000068        0x0
                0x0000000020000068                __tdata_run_start__ = .
                0x0000000020000068                . = MAX ((__tdata_run_start__ + SIZEOF (.tdata)), .)
                0x0000000020000068                __tdata_run_end__ = (__tdata_run_start__ + SIZEOF (.tdata_run))
                0x0000000000000000                __tdata_run_size__ = SIZEOF (.tdata_run)
                0x0000000020000068                __tdata_run_load_end__ = __tdata_run_end__
                0x0000000000000001                . = ASSERT (((__tdata_run_start__ == __tdata_run_end__) || ((__tdata_run_end__ - __RAM_segment_start__) <= __RAM_segment_size__)), error: .tdata_run is too large to fit in RAM memory segment)
                0x0000000020000068                __non_init_load_start__ = ALIGN (__tdata_run_end__, 0x4)

.non_init       0x0000000020000068        0x0
                0x0000000020000068                __non_init_start__ = .
 *(.non_init .non_init.*)
                0x0000000020000068                __non_init_end__ = (__non_init_start__ + SIZEOF (.non_init))
                0x0000000000000000                __non_init_size__ = SIZEOF (.non_init)
                0x0000000020000068                __non_init_load_end__ = __non_init_end__
                0x0000000000000001                . = ASSERT (((__non_init_start__ == __non_init_end__) || ((__non_init_end__ - __RAM_segment_start__) <= __RAM_segment_size__)), error: .non_init is too large to fit in RAM memory segment)
                0x0000000020000068                __heap_load_start__ = ALIGN (__non_init_end__, 0x4)

.heap           0x0000000020000068      0x400
                0x0000000020000068                __heap_start__ = .
 *(.heap .heap.*)
                0x0000000020000468                . = ALIGN (MAX ((__heap_start__ + __HEAPSIZE__), .), 0x4)
 *fill*         0x0000000020000068      0x400 
                0x0000000020000468                __heap_end__ = (__heap_start__ + SIZEOF (.heap))
                0x0000000000000400                __heap_size__ = SIZEOF (.heap)
                0x0000000020000468                __heap_load_end__ = __heap_end__
                0x0000000000000001                . = ASSERT (((__heap_start__ == __heap_end__) || ((__heap_end__ - __RAM_segment_start__) <= __RAM_segment_size__)), error: .heap is too large to fit in RAM memory segment)
                0x000000002000fc00                __stack_load_start__ = (__RAM_segment_start__ + (__RAM_segment_size__ - 0x400))

.stack          0x000000002000fc00      0x400
                0x000000002000fc00                __stack_start__ = .
 *(.stack .stack.*)
                0x0000000020010000                . = ALIGN (MAX ((__stack_start__ + __STACKSIZE__), .), 0x8)
 *fill*         0x000000002000fc00      0x400 
                0x0000000020010000                __stack_end__ = (__stack_start__ + SIZEOF (.stack))
                0x0000000000000400                __stack_size__ = SIZEOF (.stack)
                0x0000000020010000                __stack_load_end__ = __stack_end__
                0x0000000000000001                . = ASSERT (((__stack_start__ == __stack_end__) || ((__stack_end__ - __RAM_segment_start__) <= __RAM_segment_size__)), error: .stack is too large to fit in RAM memory segment)
                0x0000000000000001                . = ASSERT ((__heap_end__ <= __stack_start__), error: section .heap overlaps absolute placed section .stack)
                0x0000000020010000                __stack_process_load_start__ = ALIGN (__stack_end__, 0x8)

.stack_process  0x0000000020010000        0x0
                0x0000000020010000                __stack_process_start__ = .
 *(.stack_process .stack_process.*)
                0x0000000020010000                . = ALIGN (MAX ((__stack_process_start__ + __STACKSIZE_PROCESS__), .), 0x8)
                0x0000000020010000                __stack_process_end__ = (__stack_process_start__ + SIZEOF (.stack_process))
                0x0000000000000000                __stack_process_size__ = SIZEOF (.stack_process)
                0x0000000020010000                __stack_process_load_end__ = __stack_process_end__
                0x0000000020010000                __RAM_segment_used_end__ = (ALIGN (__stack_end__, 0x8) + SIZEOF (.stack_process))
                0x0000000000010000                __RAM_segment_used_size__ = (__RAM_segment_used_end__ - __RAM_segment_start__)
                0x0000000000000001                . = ASSERT (((__stack_process_start__ == __stack_process_end__) || ((__stack_process_end__ - __RAM_segment_start__) <= __RAM_segment_size__)), error: .stack_process is too large to fit in RAM memory segment)
START GROUP
LOAD Output/LCD Debug/Obj/system_nrf52.o
LOAD Output/LCD Debug/Obj/SEGGER_RTT.o
LOAD Output/LCD Debug/Obj/SEGGER_RTT_SES.o
LOAD Output/LCD Debug/Obj/main.o
LOAD Output/LCD Debug/Obj/thumb_crt0.o
LOAD Output/LCD Debug/Obj/ses_startup_nrf_common.o
LOAD Output/LCD Debug/Obj/ses_startup_nrf52.o
LOAD C:/Program Files/SEGGER/SEGGER Embedded Studio for ARM 4.52c/lib/libdebugio_mempoll_v7em_fpv4_sp_d16_hard_t_le_eabi.a
LOAD C:/Program Files/SEGGER/SEGGER Embedded Studio for ARM 4.52c/lib/libm_v7em_fpv4_sp_d16_hard_t_le_eabi.a
LOAD C:/Program Files/SEGGER/SEGGER Embedded Studio for ARM 4.52c/lib/libc_v7em_fpv4_sp_d16_hard_t_le_eabi.a
LOAD C:/Program Files/SEGGER/SEGGER Embedded Studio for ARM 4.52c/lib/libcpp_v7em_fpv4_sp_d16_hard_t_le_eabi.a
LOAD C:/Program Files/SEGGER/SEGGER Embedded Studio for ARM 4.52c/lib/libdebugio_v7em_fpv4_sp_d16_hard_t_le_eabi.a
LOAD C:/Program Files/SEGGER/SEGGER Embedded Studio for ARM 4.52c/lib/libvfprintf_v7em_fpv4_sp_d16_hard_t_le_eabi.o
LOAD C:/Program Files/SEGGER/SEGGER Embedded Studio for ARM 4.52c/lib/libvfscanf_v7em_fpv4_sp_d16_hard_t_le_eabi.o
END GROUP
OUTPUT(Output/Debug/Exe/LCD.elf elf32-littlearm)

.debug_frame    0x0000000000000000     0x16b8
 .debug_frame   0x0000000000000000     0x112c Output/LCD Debug/Obj/system_nrf52.o
 .debug_frame   0x000000000000112c      0x58c Output/LCD Debug/Obj/main.o

.debug_info     0x0000000000000000     0x4a43
 .debug_info    0x0000000000000000     0x2c0b Output/LCD Debug/Obj/system_nrf52.o
 .debug_info    0x0000000000002c0b     0x1dca Output/LCD Debug/Obj/main.o
 .debug_info    0x00000000000049d5       0x22 Output/LCD Debug/Obj/thumb_crt0.o
 .debug_info    0x00000000000049f7       0x26 Output/LCD Debug/Obj/ses_startup_nrf_common.o
 .debug_info    0x0000000000004a1d       0x26 Output/LCD Debug/Obj/ses_startup_nrf52.o

.debug_abbrev   0x0000000000000000      0x602
 .debug_abbrev  0x0000000000000000      0x202 Output/LCD Debug/Obj/system_nrf52.o
 .debug_abbrev  0x0000000000000202      0x3c6 Output/LCD Debug/Obj/main.o
 .debug_abbrev  0x00000000000005c8       0x12 Output/LCD Debug/Obj/thumb_crt0.o
 .debug_abbrev  0x00000000000005da       0x14 Output/LCD Debug/Obj/ses_startup_nrf_common.o
 .debug_abbrev  0x00000000000005ee       0x14 Output/LCD Debug/Obj/ses_startup_nrf52.o

.debug_pubnames
                0x0000000000000000     0x118f
 .debug_pubnames
                0x0000000000000000      0x9bd Output/LCD Debug/Obj/system_nrf52.o
 .debug_pubnames
                0x00000000000009bd      0x7d2 Output/LCD Debug/Obj/main.o

.debug_pubtypes
                0x0000000000000000      0x3d2
 .debug_pubtypes
                0x0000000000000000      0x183 Output/LCD Debug/Obj/system_nrf52.o
 .debug_pubtypes
                0x0000000000000183      0x24f Output/LCD Debug/Obj/main.o

.debug_aranges  0x0000000000000000      0x770
 .debug_aranges
                0x0000000000000000      0x550 Output/LCD Debug/Obj/system_nrf52.o
 .debug_aranges
                0x0000000000000550      0x160 Output/LCD Debug/Obj/main.o
 .debug_aranges
                0x00000000000006b0       0x80 Output/LCD Debug/Obj/thumb_crt0.o
 .debug_aranges
                0x0000000000000730       0x20 Output/LCD Debug/Obj/ses_startup_nrf_common.o
 .debug_aranges
                0x0000000000000750       0x20 Output/LCD Debug/Obj/ses_startup_nrf52.o

.debug_ranges   0x0000000000000000      0x708
 .debug_ranges  0x0000000000000000      0x540 Output/LCD Debug/Obj/system_nrf52.o
 .debug_ranges  0x0000000000000540      0x150 Output/LCD Debug/Obj/main.o
 .debug_ranges  0x0000000000000690       0x78 Output/LCD Debug/Obj/thumb_crt0.o

.debug_macro    0x0000000000000000    0x1080d
 .debug_macro   0x0000000000000000       0xdd Output/LCD Debug/Obj/system_nrf52.o
 .debug_macro   0x00000000000000dd      0xad2 Output/LCD Debug/Obj/system_nrf52.o
 .debug_macro   0x0000000000000baf      0x1a6 Output/LCD Debug/Obj/system_nrf52.o
 .debug_macro   0x0000000000000d55       0x22 Output/LCD Debug/Obj/system_nrf52.o
 .debug_macro   0x0000000000000d77       0x22 Output/LCD Debug/Obj/system_nrf52.o
 .debug_macro   0x0000000000000d99       0x3b Output/LCD Debug/Obj/system_nrf52.o
 .debug_macro   0x0000000000000dd4       0x1c Output/LCD Debug/Obj/system_nrf52.o
 .debug_macro   0x0000000000000df0       0x22 Output/LCD Debug/Obj/system_nrf52.o
 .debug_macro   0x0000000000000e12       0xdf Output/LCD Debug/Obj/system_nrf52.o
 .debug_macro   0x0000000000000ef1     0x102d Output/LCD Debug/Obj/system_nrf52.o
 .debug_macro   0x0000000000001f1e      0x11f Output/LCD Debug/Obj/system_nrf52.o
 .debug_macro   0x000000000000203d      0x392 Output/LCD Debug/Obj/system_nrf52.o
 .debug_macro   0x00000000000023cf     0xccbe Output/LCD Debug/Obj/system_nrf52.o
 .debug_macro   0x000000000000f08d     0x1325 Output/LCD Debug/Obj/system_nrf52.o
 .debug_macro   0x00000000000103b2       0x82 Output/LCD Debug/Obj/system_nrf52.o
 .debug_macro   0x0000000000010434       0x1f Output/LCD Debug/Obj/system_nrf52.o
 .debug_macro   0x0000000000010453      0x18c Output/LCD Debug/Obj/main.o
 .debug_macro   0x00000000000105df       0x78 Output/LCD Debug/Obj/main.o
 .debug_macro   0x0000000000010657      0x110 Output/LCD Debug/Obj/main.o
 .debug_macro   0x0000000000010767       0xa6 Output/LCD Debug/Obj/main.o

.debug_line     0x0000000000000000     0x3e5f
 .debug_line    0x0000000000000000     0x22cf Output/LCD Debug/Obj/system_nrf52.o
 .debug_line    0x00000000000022cf     0x18c3 Output/LCD Debug/Obj/main.o
 .debug_line    0x0000000000003b92      0x1c0 Output/LCD Debug/Obj/thumb_crt0.o
 .debug_line    0x0000000000003d52       0x90 Output/LCD Debug/Obj/ses_startup_nrf_common.o
 .debug_line    0x0000000000003de2       0x7d Output/LCD Debug/Obj/ses_startup_nrf52.o

.debug_str      0x0000000000000000    0x5f089
 .debug_str     0x0000000000000000    0x5d1b5 Output/LCD Debug/Obj/system_nrf52.o
                                      0x5db16 (size before relaxing)
 .debug_str     0x000000000005d1b5     0x1e1b Output/LCD Debug/Obj/main.o
                                      0x5690d (size before relaxing)
 .debug_str     0x000000000005efd0       0x34 Output/LCD Debug/Obj/thumb_crt0.o
                                         0x4d (size before relaxing)
 .debug_str     0x000000000005f004       0x45 Output/LCD Debug/Obj/ses_startup_nrf_common.o
                                         0x6c (size before relaxing)
 .debug_str     0x000000000005f049       0x40 Output/LCD Debug/Obj/ses_startup_nrf52.o
                                         0x67 (size before relaxing)

.comment        0x0000000000000000       0x47
 .comment       0x0000000000000000       0x47 Output/LCD Debug/Obj/system_nrf52.o
                                         0x48 (size before relaxing)
 .comment       0x0000000000000047       0x48 Output/LCD Debug/Obj/main.o
 .comment       0x0000000000000047       0x48 C:/Program Files/SEGGER/SEGGER Embedded Studio for ARM 4.52c/lib/libm_v7em_fpv4_sp_d16_hard_t_le_eabi.a(libm2.o)
 .comment       0x0000000000000047       0x48 C:/Program Files/SEGGER/SEGGER Embedded Studio for ARM 4.52c/lib/libc_v7em_fpv4_sp_d16_hard_t_le_eabi.a(libc2.o)
 .comment       0x0000000000000047       0x48 C:/Program Files/SEGGER/SEGGER Embedded Studio for ARM 4.52c/lib/libvfprintf_v7em_fpv4_sp_d16_hard_t_le_eabi.o

.ARM.attributes
                0x0000000000000000       0x37
 .ARM.attributes
                0x0000000000000000       0x39 Output/LCD Debug/Obj/system_nrf52.o
 .ARM.attributes
                0x0000000000000039       0x39 Output/LCD Debug/Obj/main.o
 .ARM.attributes
                0x0000000000000072       0x25 Output/LCD Debug/Obj/thumb_crt0.o
 .ARM.attributes
                0x0000000000000097       0x25 Output/LCD Debug/Obj/ses_startup_nrf_common.o
 .ARM.attributes
                0x00000000000000bc       0x25 Output/LCD Debug/Obj/ses_startup_nrf52.o
 .ARM.attributes
                0x00000000000000e1       0x20 C:/Program Files/SEGGER/SEGGER Embedded Studio for ARM 4.52c/lib/libm_v7em_fpv4_sp_d16_hard_t_le_eabi.a(libm_asm.o)
 .ARM.attributes
                0x0000000000000101       0x34 C:/Program Files/SEGGER/SEGGER Embedded Studio for ARM 4.52c/lib/libm_v7em_fpv4_sp_d16_hard_t_le_eabi.a(libm2.o)
 .ARM.attributes
                0x0000000000000135       0x34 C:/Program Files/SEGGER/SEGGER Embedded Studio for ARM 4.52c/lib/libc_v7em_fpv4_sp_d16_hard_t_le_eabi.a(libc2.o)
 .ARM.attributes
                0x0000000000000169       0x20 C:/Program Files/SEGGER/SEGGER Embedded Studio for ARM 4.52c/lib/libc_v7em_fpv4_sp_d16_hard_t_le_eabi.a(libc2_asm.o)
 .ARM.attributes
                0x0000000000000189       0x34 C:/Program Files/SEGGER/SEGGER Embedded Studio for ARM 4.52c/lib/libvfprintf_v7em_fpv4_sp_d16_hard_t_le_eabi.o
